2023-01-19 16:24:52	INFO	test macro!!
2023-01-19 16:24:52	INFO	test macro info!!
2023-01-19 16:24:52	ERROR	test macro fmt error  success!
2023-01-19 16:30:57	INFO	test macro!!
2023-01-19 16:30:57	INFO	test macro info!!
2023-01-19 16:30:57	ERROR	test macro fmt error  success!
2023-01-19 16:50:10	INFO	test macro!!
2023-01-19 16:50:10	INFO	test macro info!!
2023-01-19 16:50:10	ERROR	test macro fmt error  success!
2023-01-19 16:50:39	INFO	test macro!!
2023-01-19 16:50:39	INFO	test macro info!!
2023-01-19 16:50:39	ERROR	test macro fmt error  success!
2023-01-19 16:51:16	INFO	test macro!!
2023-01-19 16:51:16	INFO	test macro info!!
2023-01-19 16:51:16	ERROR	test macro fmt error  success!
